<T>
  <k>
    .
  </k>
  <currentSlot>
    4
  </currentSlot>
  <states>
    <state>
      <slot>
        0
      </slot>
      <validators>
        90000 |-> #Validator ( 90000 , false , ( 1 , 1 ) , ( 0 , 0 ) , ( 999999 , 999999 ) )
        90001 |-> #Validator ( 90001 , false , ( 1 , 1 ) , ( 0 , 0 ) , ( 999999 , 999999 ) )
        90002 |-> #Validator ( 90002 , false , ( 1 , 1 ) , ( 0 , 0 ) , ( 999999 , 999999 ) )
        90003 |-> #Validator ( 90003 , false , ( 1 , 1 ) , ( 0 , 0 ) , ( 999999 , 999999 ) )
        90004 |-> #Validator ( 90004 , false , ( 1 , 1 ) , ( 0 , 0 ) , ( 999999 , 999999 ) )
        90005 |-> #Validator ( 90005 , false , ( 1 , 1 ) , ( 0 , 0 ) , ( 999999 , 999999 ) )
        90006 |-> #Validator ( 90006 , false , ( 1 , 1 ) , ( 0 , 0 ) , ( 999999 , 999999 ) )
      </validators>
      <slashedBalance>
        0
      </slashedBalance>
      <attested>
        0 |-> .Attestations
      </attested>
      <justified>
        0 |-> true
      </justified>
      <finalized>
        0 |-> true
      </finalized>
      <lastBlock>
        ( 0 , 0 )
      </lastBlock>
      <lastJustified>
        0
      </lastJustified>
      <lastFinalized>
        0
      </lastFinalized>
    </state> <state>
      <slot>
        1
      </slot>
      <validators>
        90000 |-> #Validator ( 90000 , false , ( 1 , 1 ) , ( 0 , 0 ) , ( 999999 , 999999 ) )
        90001 |-> #Validator ( 90001 , false , ( 1 , 1 ) , ( 0 , 0 ) , ( 999999 , 999999 ) )
        90002 |-> #Validator ( 90002 , false , ( 1 , 1 ) , ( 0 , 0 ) , ( 999999 , 999999 ) )
        90003 |-> #Validator ( 90003 , false , ( 1 , 1 ) , ( 0 , 0 ) , ( 999999 , 999999 ) )
        90004 |-> #Validator ( 90004 , false , ( 1 , 1 ) , ( 0 , 0 ) , ( 999999 , 999999 ) )
        90005 |-> #Validator ( 90005 , false , ( 1 , 1 ) , ( 0 , 0 ) , ( 999999 , 999999 ) )
        90006 |-> #Validator ( 90006 , false , ( 1 , 1 ) , ( 0 , 0 ) , ( 999999 , 999999 ) )
      </validators>
      <slashedBalance>
        0
      </slashedBalance>
      <attested>
        0 |-> #Attestation ( 90000 , 0 , ( 0 , 0 ) , ( 0 , 10001 ) )  .Attestations
      </attested>
      <justified>
        0 |-> true
      </justified>
      <finalized>
        0 |-> true
      </finalized>
      <lastBlock>
        ( 1 , 10001 )
      </lastBlock>
      <lastJustified>
        0
      </lastJustified>
      <lastFinalized>
        0
      </lastFinalized>
    </state> <state>
      <slot>
        2
      </slot>
      <validators>
        90000 |-> #Validator ( 90000 , false , ( 1 , 1 ) , ( 0 , 0 ) , ( 999999 , 999999 ) )
        90001 |-> #Validator ( 90001 , false , ( 1 , 1 ) , ( 0 , 0 ) , ( 999999 , 999999 ) )
        90002 |-> #Validator ( 90002 , false , ( 1 , 1 ) , ( 0 , 0 ) , ( 999999 , 999999 ) )
        90003 |-> #Validator ( 90003 , false , ( 1 , 1 ) , ( 0 , 0 ) , ( 999999 , 999999 ) )
        90004 |-> #Validator ( 90004 , false , ( 1 , 1 ) , ( 0 , 0 ) , ( 999999 , 999999 ) )
        90005 |-> #Validator ( 90005 , false , ( 1 , 1 ) , ( 0 , 0 ) , ( 999999 , 999999 ) )
        90006 |-> #Validator ( 90006 , false , ( 1 , 1 ) , ( 0 , 0 ) , ( 999999 , 999999 ) )
      </validators>
      <slashedBalance>
        0
      </slashedBalance>
      <attested>
        0 |-> #Attestation ( 90000 , 0 , ( 0 , 0 ) , ( 0 , 10001 ) )  .Attestations
      </attested>
      <justified>
        0 |-> true
      </justified>
      <finalized>
        0 |-> true
      </finalized>
      <lastBlock>
        ( 1 , 10001 )
      </lastBlock>
      <lastJustified>
        0
      </lastJustified>
      <lastFinalized>
        0
      </lastFinalized>
    </state> <state>
      <slot>
        3
      </slot>
      <validators>
        90000 |-> #Validator ( 90000 , false , ( 1 , 1 ) , ( 0 , 0 ) , ( 999999 , 999999 ) )
        90001 |-> #Validator ( 90001 , false , ( 1 , 1 ) , ( 0 , 0 ) , ( 999999 , 999999 ) )
        90002 |-> #Validator ( 90002 , false , ( 1 , 1 ) , ( 0 , 0 ) , ( 999999 , 999999 ) )
        90003 |-> #Validator ( 90003 , false , ( 1 , 1 ) , ( 0 , 0 ) , ( 999999 , 999999 ) )
        90004 |-> #Validator ( 90004 , false , ( 1 , 1 ) , ( 0 , 0 ) , ( 999999 , 999999 ) )
        90005 |-> #Validator ( 90005 , false , ( 1 , 1 ) , ( 0 , 0 ) , ( 999999 , 999999 ) )
        90006 |-> #Validator ( 90006 , false , ( 1 , 1 ) , ( 0 , 0 ) , ( 999999 , 999999 ) )
      </validators>
      <slashedBalance>
        0
      </slashedBalance>
      <attested>
        0 |-> #Attestation ( 90000 , 0 , ( 0 , 0 ) , ( 0 , 10001 ) )  .Attestations
      </attested>
      <justified>
        0 |-> true
      </justified>
      <finalized>
        0 |-> true
      </finalized>
      <lastBlock>
        ( 3 , 10003 )
      </lastBlock>
      <lastJustified>
        0
      </lastJustified>
      <lastFinalized>
        0
      </lastFinalized>
    </state> <state>
      <slot>
        4
      </slot>
      <validators>
        90000 |-> #Validator ( 90000 , false , ( 1 , 1 ) , ( 0 , 0 ) , ( 999999 , 999999 ) )
        90001 |-> #Validator ( 90001 , false , ( 1 , 1 ) , ( 0 , 0 ) , ( 999999 , 999999 ) )
        90002 |-> #Validator ( 90002 , false , ( 1 , 1 ) , ( 0 , 0 ) , ( 999999 , 999999 ) )
        90003 |-> #Validator ( 90003 , false , ( 1 , 1 ) , ( 0 , 0 ) , ( 999999 , 999999 ) )
        90004 |-> #Validator ( 90004 , false , ( 1 , 1 ) , ( 0 , 0 ) , ( 999999 , 999999 ) )
        90005 |-> #Validator ( 90005 , false , ( 1 , 1 ) , ( 0 , 0 ) , ( 999999 , 999999 ) )
        90006 |-> #Validator ( 90006 , false , ( 1 , 1 ) , ( 0 , 0 ) , ( 999999 , 999999 ) )
      </validators>
      <slashedBalance>
        0
      </slashedBalance>
      <attested>
        0 |-> #Attestation ( 90000 , 0 , ( 0 , 0 ) , ( 0 , 10001 ) )  .Attestations
        1 |-> .Attestations
      </attested>
      <justified>
        0 |-> true
        1 |-> false
      </justified>
      <finalized>
        0 |-> true
        1 |-> false
      </finalized>
      <lastBlock>
        ( 3 , 10003 )
      </lastBlock>
      <lastJustified>
        0
      </lastJustified>
      <lastFinalized>
        0
      </lastFinalized>
    </state>
  </states>
  <blocks>
    <block>
      <bSlot>
        0
      </bSlot>
      <bID>
        0
      </bID>
      <parent>
        ( -1 , -1 )
      </parent>
      <slashings>
        .Slashings
      </slashings>
      <attestations>
        .Attestations
      </attestations>
      <deposits>
        .Deposits
      </deposits>
      <exits>
        .VoluntaryExits
      </exits>
    </block> <block>
      <bSlot>
        1
      </bSlot>
      <bID>
        10001
      </bID>
      <parent>
        ( 0 , 0 )
      </parent>
      <slashings>
        .Slashings
      </slashings>
      <attestations>
        #Attestation ( 90000 , 0 , ( 0 , 0 ) , ( 0 , 10001 ) )  .Attestations
      </attestations>
      <deposits>
        .Deposits
      </deposits>
      <exits>
        .VoluntaryExits
      </exits>
    </block> <block>
      <bSlot>
        3
      </bSlot>
      <bID>
        10003
      </bID>
      <parent>
        ( 1 , 10001 )
      </parent>
      <slashings>
        .Slashings
      </slashings>
      <attestations>
        .Attestations
      </attestations>
      <deposits>
        .Deposits
      </deposits>
      <exits>
        .VoluntaryExits
      </exits>
    </block>
  </blocks>
</T>
